// Jest Snapshot v1, https://goo.gl/fbAQLP

exports[`reactFromHtml E2E tests Should rehydrate a basic component 1`] = `"<div class=\\"rehydration-root\\"><span>rehydrated component</span></div>"`;

exports[`reactFromHtml E2E tests Should work for nested rehydratables 1`] = `
"
      <div class=\\"rehydration-root\\"><span>
        <div class=\\"rehydration-root\\"><span>
          Hello, World!
        </span></div>
      </span></div>
      "
`;
