// Jest Snapshot v1, https://goo.gl/fbAQLP

exports[`reactFromHtml E2E tests Should hydrate a basic component 1`] = `"<div class=\\"hydration-root\\"><span>hydrated component</span></div>"`;

exports[`reactFromHtml E2E tests Should hydrate components with custom query selectors 1`] = `"<div class=\\"hydration-root\\"><span>hydrated component</span></div>"`;

exports[`reactFromHtml E2E tests Should work for nested hydratables 1`] = `
"
      <div class=\\"hydration-root\\"><span>
        <div class=\\"hydration-root\\"><span>
          Hello, World!
        </span></div>
      </span></div>
      "
`;
